6
0
0 5
30 30
- - - - - - - - - - - - - - - - - - - - - - - - - - - - - - 
- - b x 0 2 1 1 2 1 1 1 2 1 1 1 2 1 1 1 2 1 1 1 2 0 x b - - 
- - b x 0 1 2 2 1 2 2 2 1 2 2 2 1 2 2 2 1 2 2 2 1 0 x b - - 
- - - - - - - - - - - - - - - - - - - - - - - - - - - - - - 
- - b x 0 4 3 3 4 3 3 3 4 3 3 3 4 3 3 3 4 3 3 3 4 0 x b - - 
- - b x 0 3 4 4 3 4 4 4 3 4 4 4 3 4 4 4 3 4 4 4 3 0 x b - - 
- - - - - - - - - - - - - - - - - - - - - - - - - - - - - - 
- - b x 0 6 5 5 6 5 5 5 6 5 5 5 6 5 5 5 6 5 5 5 6 0 x b - - 
- - b x 0 5 6 6 5 6 6 6 5 6 6 6 5 6 6 6 5 6 6 6 5 0 x b - - 
- - - - - - - - - - - - - - - - - - - - - - - - - - - - - - 
- - b x 0 1 2 2 1 2 2 2 1 2 2 2 1 2 2 2 1 2 2 2 1 0 x b - - 
- - b x 0 2 1 1 2 1 1 1 2 1 1 1 2 1 1 1 2 1 1 1 2 0 x b - - 
- - - - - - - - - - - - - - - - - - - - - - - - - - - - - - 
- - b x 0 3 4 4 3 4 4 4 3 4 4 4 3 4 4 4 3 4 4 4 3 0 x b - - 
- - b x 0 4 3 3 4 3 3 3 4 3 3 3 4 3 3 3 4 3 3 3 4 0 x b - - 
- - - - - - - - - - - - - - - - - - - - - - - - - - - - - - 
- - b x 0 5 6 6 5 6 6 6 5 6 6 6 5 5 6 6 5 6 6 6 5 0 x b - - 
- - b x 0 6 5 5 6 5 5 5 6 5 5 5 6 5 5 5 6 5 5 5 6 0 x b - - 
- - - - - - - - - - - - - - - - - - - - - - - - - - - - - - 
- - b x 0 0 0 0 1 0 0 0 0 1 2 1 2 1 0 0 0 2 0 0 0 0 x b - - 
- - b x 0 0 0 0 1 0 0 0 0 2 1 2 1 2 0 0 0 2 0 0 0 0 x b - - 
- - - - - - - - - - - - - - - - - - - - - - - - - - - - - - 
- - b x 0 0 0 0 3 0 0 0 0 3 4 3 4 3 0 0 0 4 0 0 0 0 x b - - 
- - b x 0 0 0 0 3 0 0 0 0 4 3 4 3 4 0 0 0 4 0 0 0 0 x b - - 
- - - - - - - - - - - - - - - - - - - - - - - - - - - - - - 
- - b x 0 0 0 0 5 0 0 0 0 5 6 5 6 5 0 0 0 6 0 0 0 0 x b - - 
- - b x 0 0 0 0 5 0 0 0 0 6 5 6 5 6 0 0 0 6 0 0 0 0 x b - - 
- - - - - - - - - - - - - - - - - - - - - - - - - - - - - - 
- - i c - - - - x x x x x x x x x x x x x x - - - - c i - - 
- - - - - - - - - - - - - - - - - - - - - - - - - - - - - - 
